2026-10-09 01:03:22,877Z INFO Program: 1 pass(es) of ambient 10 min -> [47.0, 67.0, 87.0] C x 15 min -> cool-down 90 min
2026-10-09 01:03:22,896Z INFO ACTION pass 1 ambient: heater OFF
2026-10-09 01:03:22,905Z INFO T_now=32.98 C target=47.0 enabled=False active=False p2p(10 min)=-- C
2026-10-09 01:04:22,913Z INFO T_now=32.45 C target=47.0 enabled=False active=False p2p(10 min)=0.53 C
2026-10-09 01:05:22,922Z INFO T_now=31.99 C target=47.0 enabled=False active=False p2p(10 min)=0.99 C
2026-10-09 01:06:22,926Z INFO T_now=31.42 C target=47.0 enabled=False active=False p2p(10 min)=1.56 C
2026-10-09 01:07:22,932Z INFO T_now=31.01 C target=47.0 enabled=False active=False p2p(10 min)=1.98 C
2026-10-09 01:08:22,938Z INFO T_now=30.65 C target=47.0 enabled=False active=False p2p(10 min)=2.33 C
2026-10-09 01:09:22,942Z INFO T_now=30.33 C target=47.0 enabled=False active=False p2p(10 min)=2.65 C
2026-10-09 01:10:22,948Z INFO T_now=29.92 C target=47.0 enabled=False active=False p2p(10 min)=3.06 C
2026-10-09 01:11:22,952Z INFO T_now=29.59 C target=47.0 enabled=False active=False p2p(10 min)=3.39 C
2026-10-09 01:12:22,956Z INFO T_now=29.28 C target=47.0 enabled=False active=False p2p(10 min)=3.70 C
2026-10-09 01:13:22,902Z INFO T_now=28.81 C target=47.0 enabled=False active=False p2p(10 min)=3.64 C
2026-10-09 01:13:22,911Z INFO ACTION pass 1 plateau 1: heater ON, target 47.00 C (320.15 K), hysteresis 0.05 C
2026-10-09 01:13:22,916Z INFO T_now=28.81 C target=47.0 enabled=False active=False p2p(10 min)=-- C
2026-10-09 01:14:22,920Z INFO T_now=31.52 C target=47.0 enabled=True active=True p2p(10 min)=2.71 C
2026-10-09 01:15:22,929Z INFO T_now=37.02 C target=47.0 enabled=True active=True p2p(10 min)=8.21 C
2026-10-09 01:16:22,938Z INFO T_now=43.01 C target=47.0 enabled=True active=True p2p(10 min)=14.20 C
2026-10-09 01:17:22,944Z INFO T_now=48.38 C target=47.0 enabled=True active=False p2p(10 min)=19.58 C
2026-10-09 01:18:22,953Z INFO T_now=49.37 C target=47.0 enabled=True active=False p2p(10 min)=20.57 C
2026-10-09 01:19:22,961Z INFO T_now=48.46 C target=47.0 enabled=True active=False p2p(10 min)=20.57 C
2026-10-09 01:20:22,970Z INFO T_now=47.06 C target=47.0 enabled=True active=False p2p(10 min)=20.57 C
2026-10-09 01:21:22,974Z INFO T_now=47.59 C target=47.0 enabled=True active=False p2p(10 min)=20.57 C
2026-10-09 01:22:22,979Z INFO T_now=47.09 C target=47.0 enabled=True active=False p2p(10 min)=20.57 C
2026-10-09 01:23:22,988Z INFO T_now=47.56 C target=47.0 enabled=True active=False p2p(10 min)=17.86 C
2026-10-09 01:24:22,997Z INFO T_now=46.92 C target=47.0 enabled=True active=True p2p(10 min)=12.35 C
2026-10-09 01:25:23,009Z INFO T_now=47.49 C target=47.0 enabled=True active=False p2p(10 min)=6.36 C
2026-10-09 01:26:23,017Z INFO T_now=46.81 C target=47.0 enabled=True active=True p2p(10 min)=2.56 C
2026-10-09 01:27:23,024Z INFO T_now=47.53 C target=47.0 enabled=True active=False p2p(10 min)=2.56 C
2026-10-09 01:28:22,915Z INFO T_now=46.93 C target=47.0 enabled=True active=True p2p(10 min)=1.65 C
2026-10-09 01:28:22,920Z INFO ACTION pass 1 plateau 2: heater ON, target 67.00 C (340.15 K), hysteresis 0.05 C
2026-10-09 01:28:22,924Z INFO T_now=46.93 C target=47.0 enabled=True active=True p2p(10 min)=-- C
2026-10-09 01:29:22,927Z INFO T_now=50.27 C target=67.0 enabled=True active=True p2p(10 min)=3.34 C
2026-10-09 01:30:22,931Z INFO T_now=55.17 C target=67.0 enabled=True active=True p2p(10 min)=8.24 C
2026-10-09 01:31:22,935Z INFO T_now=60.14 C target=67.0 enabled=True active=True p2p(10 min)=13.22 C
2026-10-09 01:32:22,939Z INFO T_now=64.82 C target=67.0 enabled=True active=True p2p(10 min)=17.90 C
2026-10-09 01:33:22,942Z INFO T_now=68.41 C target=67.0 enabled=True active=False p2p(10 min)=21.48 C
2026-10-09 01:34:22,949Z INFO T_now=67.38 C target=67.0 enabled=True active=False p2p(10 min)=21.48 C
2026-10-09 01:35:22,955Z INFO T_now=67.18 C target=67.0 enabled=True active=False p2p(10 min)=21.48 C
2026-10-09 01:36:22,959Z INFO T_now=66.95 C target=67.0 enabled=True active=True p2p(10 min)=21.48 C
2026-10-09 01:37:22,963Z INFO T_now=67.41 C target=67.0 enabled=True active=False p2p(10 min)=21.48 C
2026-10-09 01:38:22,968Z INFO T_now=66.83 C target=67.0 enabled=True active=True p2p(10 min)=18.14 C
2026-10-09 01:39:22,975Z INFO T_now=66.91 C target=67.0 enabled=True active=True p2p(10 min)=13.24 C
2026-10-09 01:40:22,979Z INFO T_now=67.47 C target=67.0 enabled=True active=False p2p(10 min)=8.27 C
2026-10-09 01:41:22,983Z INFO T_now=66.81 C target=67.0 enabled=True active=True p2p(10 min)=3.58 C
2026-10-09 01:42:22,991Z INFO T_now=67.22 C target=67.0 enabled=True active=False p2p(10 min)=1.60 C
2026-10-09 01:43:22,924Z INFO T_now=67.23 C target=67.0 enabled=True active=False p2p(10 min)=0.66 C
2026-10-09 01:43:22,931Z INFO ACTION pass 1 plateau 3: heater ON, target 87.00 C (360.15 K), hysteresis 0.05 C
2026-10-09 01:43:22,935Z INFO T_now=67.23 C target=67.0 enabled=True active=False p2p(10 min)=-- C
2026-10-09 01:44:22,938Z INFO T_now=69.09 C target=87.0 enabled=True active=True p2p(10 min)=1.86 C
2026-10-09 01:45:22,942Z INFO T_now=72.62 C target=87.0 enabled=True active=True p2p(10 min)=5.39 C
2026-10-09 01:46:22,951Z INFO T_now=76.51 C target=87.0 enabled=True active=True p2p(10 min)=9.28 C
2026-10-09 01:47:22,957Z INFO T_now=80.05 C target=87.0 enabled=True active=True p2p(10 min)=12.82 C
2026-10-09 01:48:22,962Z INFO T_now=83.41 C target=87.0 enabled=True active=True p2p(10 min)=16.18 C
2026-10-09 01:49:22,968Z INFO T_now=86.59 C target=87.0 enabled=True active=True p2p(10 min)=19.36 C
2026-10-09 01:50:22,980Z INFO T_now=87.05 C target=87.0 enabled=True active=False p2p(10 min)=19.82 C
2026-10-09 01:51:22,984Z INFO T_now=86.76 C target=87.0 enabled=True active=True p2p(10 min)=19.82 C
2026-10-09 01:52:22,987Z INFO T_now=86.68 C target=87.0 enabled=True active=True p2p(10 min)=19.82 C
2026-10-09 01:53:22,994Z INFO T_now=87.18 C target=87.0 enabled=True active=False p2p(10 min)=18.08 C
2026-10-09 01:54:22,998Z INFO T_now=86.70 C target=87.0 enabled=True active=True p2p(10 min)=14.55 C
2026-10-09 01:55:23,002Z INFO T_now=86.72 C target=87.0 enabled=True active=True p2p(10 min)=10.67 C
2026-10-09 01:56:23,006Z INFO T_now=87.34 C target=87.0 enabled=True active=False p2p(10 min)=7.29 C
2026-10-09 01:57:23,012Z INFO T_now=86.71 C target=87.0 enabled=True active=True p2p(10 min)=3.94 C
2026-10-09 01:58:22,939Z INFO T_now=86.72 C target=87.0 enabled=True active=True p2p(10 min)=0.75 C
2026-10-09 01:58:22,945Z INFO ACTION pass 1 cool-down: heater OFF
2026-10-09 01:58:22,954Z INFO T_now=86.72 C target=87.0 enabled=True active=True p2p(10 min)=-- C
2026-10-09 01:59:22,958Z INFO T_now=84.26 C target=87.0 enabled=False active=False p2p(10 min)=2.45 C
2026-10-09 02:00:22,961Z INFO T_now=80.74 C target=87.0 enabled=False active=False p2p(10 min)=5.97 C
2026-10-09 02:01:22,968Z INFO T_now=77.18 C target=87.0 enabled=False active=False p2p(10 min)=9.54 C
2026-10-09 02:02:22,976Z INFO T_now=73.92 C target=87.0 enabled=False active=False p2p(10 min)=12.79 C
2026-10-09 02:03:22,984Z INFO T_now=70.68 C target=87.0 enabled=False active=False p2p(10 min)=16.04 C
2026-10-09 02:04:22,990Z INFO T_now=67.74 C target=87.0 enabled=False active=False p2p(10 min)=18.98 C
2026-10-09 02:05:22,997Z INFO T_now=65.00 C target=87.0 enabled=False active=False p2p(10 min)=21.72 C
2026-10-09 02:06:23,003Z INFO T_now=62.43 C target=87.0 enabled=False active=False p2p(10 min)=24.29 C
2026-10-09 02:07:23,012Z INFO T_now=60.12 C target=87.0 enabled=False active=False p2p(10 min)=26.60 C
2026-10-09 02:08:23,021Z INFO T_now=57.90 C target=87.0 enabled=False active=False p2p(10 min)=26.36 C
2026-10-09 02:09:23,027Z INFO T_now=55.86 C target=87.0 enabled=False active=False p2p(10 min)=24.89 C
2026-10-09 02:10:23,035Z INFO T_now=53.93 C target=87.0 enabled=False active=False p2p(10 min)=23.24 C
2026-10-09 02:11:23,044Z INFO T_now=52.16 C target=87.0 enabled=False active=False p2p(10 min)=21.76 C
2026-10-09 02:12:23,051Z INFO T_now=50.39 C target=87.0 enabled=False active=False p2p(10 min)=20.29 C
2026-10-09 02:13:23,064Z INFO T_now=48.98 C target=87.0 enabled=False active=False p2p(10 min)=18.76 C
2026-10-09 02:14:23,071Z INFO T_now=47.37 C target=87.0 enabled=False active=False p2p(10 min)=17.63 C
2026-10-09 02:15:23,074Z INFO T_now=46.04 C target=87.0 enabled=False active=False p2p(10 min)=16.39 C
2026-10-09 02:16:23,082Z INFO T_now=44.69 C target=87.0 enabled=False active=False p2p(10 min)=15.43 C
2026-10-09 02:17:23,089Z INFO T_now=43.53 C target=87.0 enabled=False active=False p2p(10 min)=14.37 C
2026-10-09 02:18:23,095Z INFO T_now=42.39 C target=87.0 enabled=False active=False p2p(10 min)=13.47 C
2026-10-09 02:19:23,099Z INFO T_now=41.35 C target=87.0 enabled=False active=False p2p(10 min)=12.58 C
2026-10-09 02:20:23,102Z INFO T_now=40.26 C target=87.0 enabled=False active=False p2p(10 min)=11.90 C
2026-10-09 02:21:23,108Z INFO T_now=39.31 C target=87.0 enabled=False active=False p2p(10 min)=11.08 C
2026-10-09 02:22:23,114Z INFO T_now=38.38 C target=87.0 enabled=False active=False p2p(10 min)=10.60 C
2026-10-09 02:23:23,122Z INFO T_now=37.51 C target=87.0 enabled=False active=False p2p(10 min)=9.86 C
2026-10-09 02:24:23,131Z INFO T_now=36.74 C target=87.0 enabled=False active=False p2p(10 min)=9.31 C
2026-10-09 02:25:23,135Z INFO T_now=36.06 C target=87.0 enabled=False active=False p2p(10 min)=8.63 C
2026-10-09 02:26:23,141Z INFO T_now=35.30 C target=87.0 enabled=False active=False p2p(10 min)=8.24 C
2026-10-09 02:27:23,148Z INFO T_now=34.62 C target=87.0 enabled=False active=False p2p(10 min)=7.77 C
2026-10-09 02:28:23,155Z INFO T_now=34.02 C target=87.0 enabled=False active=False p2p(10 min)=7.33 C
2026-10-09 02:29:23,162Z INFO T_now=33.42 C target=87.0 enabled=False active=False p2p(10 min)=6.85 C
2026-10-09 02:30:23,170Z INFO T_now=32.88 C target=87.0 enabled=False active=False p2p(10 min)=6.42 C
2026-10-09 02:31:23,176Z INFO T_now=32.27 C target=87.0 enabled=False active=False p2p(10 min)=6.11 C
2026-10-09 02:32:23,183Z INFO T_now=31.90 C target=87.0 enabled=False active=False p2p(10 min)=5.61 C
2026-10-09 02:33:23,192Z INFO T_now=31.24 C target=87.0 enabled=False active=False p2p(10 min)=5.49 C
2026-10-09 02:34:23,208Z INFO T_now=30.96 C target=87.0 enabled=False active=False p2p(10 min)=5.10 C
2026-10-09 02:35:23,219Z INFO T_now=30.50 C target=87.0 enabled=False active=False p2p(10 min)=4.79 C
2026-10-09 02:36:23,235Z INFO T_now=30.17 C target=87.0 enabled=False active=False p2p(10 min)=4.45 C
2026-10-09 02:37:23,244Z INFO T_now=29.62 C target=87.0 enabled=False active=False p2p(10 min)=4.40 C
2026-10-09 02:38:23,252Z INFO T_now=29.25 C target=87.0 enabled=False active=False p2p(10 min)=4.17 C
2026-10-09 02:39:23,258Z INFO T_now=28.95 C target=87.0 enabled=False active=False p2p(10 min)=3.93 C
2026-10-09 02:40:23,264Z INFO T_now=28.57 C target=87.0 enabled=False active=False p2p(10 min)=3.70 C
2026-10-09 02:41:23,272Z INFO T_now=28.26 C target=87.0 enabled=False active=False p2p(10 min)=3.64 C
2026-10-09 02:42:23,281Z INFO T_now=28.02 C target=87.0 enabled=False active=False p2p(10 min)=3.22 C
2026-10-09 02:43:23,290Z INFO T_now=27.63 C target=87.0 enabled=False active=False p2p(10 min)=3.32 C
2026-10-09 02:44:23,298Z INFO T_now=27.48 C target=87.0 enabled=False active=False p2p(10 min)=3.03 C
2026-10-09 02:45:23,303Z INFO T_now=27.17 C target=87.0 enabled=False active=False p2p(10 min)=3.00 C
2026-10-09 02:46:23,309Z INFO T_now=27.00 C target=87.0 enabled=False active=False p2p(10 min)=2.63 C
2026-10-09 02:47:23,314Z INFO T_now=26.71 C target=87.0 enabled=False active=False p2p(10 min)=2.54 C
2026-10-09 02:48:23,321Z INFO T_now=26.49 C target=87.0 enabled=False active=False p2p(10 min)=2.46 C
2026-10-09 02:49:23,328Z INFO T_now=26.32 C target=87.0 enabled=False active=False p2p(10 min)=2.26 C
2026-10-09 02:50:23,336Z INFO T_now=26.02 C target=87.0 enabled=False active=False p2p(10 min)=2.25 C
2026-10-09 02:51:23,345Z INFO T_now=25.84 C target=87.0 enabled=False active=False p2p(10 min)=2.18 C
2026-10-09 02:52:23,354Z INFO T_now=25.66 C target=87.0 enabled=False active=False p2p(10 min)=1.97 C
2026-10-09 02:53:23,362Z INFO T_now=25.52 C target=87.0 enabled=False active=False p2p(10 min)=1.95 C
2026-10-09 02:54:23,368Z INFO T_now=25.33 C target=87.0 enabled=False active=False p2p(10 min)=1.84 C
2026-10-09 02:55:23,374Z INFO T_now=25.22 C target=87.0 enabled=False active=False p2p(10 min)=1.77 C
2026-10-09 02:56:23,380Z INFO T_now=25.06 C target=87.0 enabled=False active=False p2p(10 min)=1.65 C
2026-10-09 02:57:23,392Z INFO T_now=24.93 C target=87.0 enabled=False active=False p2p(10 min)=1.56 C
2026-10-09 02:58:23,398Z INFO T_now=24.86 C target=87.0 enabled=False active=False p2p(10 min)=1.46 C
2026-10-09 02:59:23,407Z INFO T_now=24.71 C target=87.0 enabled=False active=False p2p(10 min)=1.31 C
2026-10-09 03:00:23,415Z INFO T_now=24.50 C target=87.0 enabled=False active=False p2p(10 min)=1.34 C
2026-10-09 03:01:23,424Z INFO T_now=24.38 C target=87.0 enabled=False active=False p2p(10 min)=1.28 C
2026-10-09 03:02:23,428Z INFO T_now=24.19 C target=87.0 enabled=False active=False p2p(10 min)=1.34 C
2026-10-09 03:03:23,434Z INFO T_now=24.14 C target=87.0 enabled=False active=False p2p(10 min)=1.18 C
2026-10-09 03:04:23,443Z INFO T_now=24.18 C target=87.0 enabled=False active=False p2p(10 min)=1.08 C
2026-10-09 03:05:23,450Z INFO T_now=24.01 C target=87.0 enabled=False active=False p2p(10 min)=1.05 C
2026-10-09 03:06:23,454Z INFO T_now=23.65 C target=87.0 enabled=False active=False p2p(10 min)=1.28 C
2026-10-09 03:07:23,458Z INFO T_now=23.78 C target=87.0 enabled=False active=False p2p(10 min)=1.21 C
2026-10-09 03:08:23,461Z INFO T_now=23.78 C target=87.0 enabled=False active=False p2p(10 min)=1.05 C
2026-10-09 03:09:23,470Z INFO T_now=23.57 C target=87.0 enabled=False active=False p2p(10 min)=0.93 C
2026-10-09 03:10:23,474Z INFO T_now=23.56 C target=87.0 enabled=False active=False p2p(10 min)=0.82 C
2026-10-09 03:11:23,481Z INFO T_now=23.48 C target=87.0 enabled=False active=False p2p(10 min)=0.71 C
2026-10-09 03:12:23,489Z INFO T_now=23.33 C target=87.0 enabled=False active=False p2p(10 min)=0.85 C
2026-10-09 03:13:23,493Z INFO T_now=23.27 C target=87.0 enabled=False active=False p2p(10 min)=0.91 C
2026-10-09 03:14:23,497Z INFO T_now=23.32 C target=87.0 enabled=False active=False p2p(10 min)=0.74 C
2026-10-09 03:15:23,501Z INFO T_now=23.26 C target=87.0 enabled=False active=False p2p(10 min)=0.52 C
2026-10-09 03:16:23,507Z INFO T_now=23.22 C target=87.0 enabled=False active=False p2p(10 min)=0.56 C
2026-10-09 03:17:23,512Z INFO T_now=23.12 C target=87.0 enabled=False active=False p2p(10 min)=0.66 C
2026-10-09 03:18:23,516Z INFO T_now=23.05 C target=87.0 enabled=False active=False p2p(10 min)=0.53 C
2026-10-09 03:19:23,525Z INFO T_now=22.96 C target=87.0 enabled=False active=False p2p(10 min)=0.60 C
2026-10-09 03:20:23,530Z INFO T_now=23.14 C target=87.0 enabled=False active=False p2p(10 min)=0.52 C
2026-10-09 03:21:23,538Z INFO T_now=23.04 C target=87.0 enabled=False active=False p2p(10 min)=0.38 C
2026-10-09 03:22:23,544Z INFO T_now=23.01 C target=87.0 enabled=False active=False p2p(10 min)=0.37 C
2026-10-09 03:23:23,553Z INFO T_now=22.80 C target=87.0 enabled=False active=False p2p(10 min)=0.52 C
2026-10-09 03:24:23,557Z INFO T_now=22.74 C target=87.0 enabled=False active=False p2p(10 min)=0.52 C
2026-10-09 03:25:23,567Z INFO T_now=22.83 C target=87.0 enabled=False active=False p2p(10 min)=0.48 C
2026-10-09 03:26:23,575Z INFO T_now=22.69 C target=87.0 enabled=False active=False p2p(10 min)=0.45 C
2026-10-09 03:27:23,579Z INFO T_now=22.50 C target=87.0 enabled=False active=False p2p(10 min)=0.64 C
2026-10-09 03:28:22,951Z INFO T_now=22.68 C target=87.0 enabled=False active=False p2p(10 min)=0.64 C
2026-10-09 03:28:22,952Z INFO Program complete.
2026-10-09 03:28:22,956Z INFO ACTION exit: heater OFF
